Compiling parser/LayoutBad1.hs
(5,1): Syntax error: 
    unexpected variable 'y'
    expecting end of file
Compilation failed with a syntax error
