Can't find file "runtimeerrors/PMCFailure" or "runtimeerrors/PMCFailure.hs"
