Compiling typeerrors/Strategies/Duplicated3.hs
The constraints for meta-variable "x" of type strategy rule "x +++ y" can only be inserted at one place
