Prelude is up to date
Compiling typeerrors/Heuristics/UnifierGuards.hs
(3,13): Type error in guarded expression
 expression       : 13
   type           : Int   
   does not match : String

Compilation failed with 1 error
