Compiling typeerrors/Heuristics/UnifierFunctionBinding.hs
(2,6): Type error in pattern of function binding
 pattern          : 3
   type           : Int 
   does not match : Bool

Compilation failed with 1 error
