Compiling make/ExportShowInstance2.hs
Compilation successful
No 'main' function defined in this module
