Prelude is up to date
Compiling make/SynExportC.hs
Compilation successful
No 'main' function defined in this module
