Prelude is up to date
Compiling staticerrors/FunArity3.hs
(5,1): Arity mismatch in function bindings for "mymap"
Compilation failed with 1 error
