Compiling typeerrors/Strategies/B.hs
Compilation successful
No 'main' function defined in this module
