Prelude is up to date
Compiling correct/PMC10.hs
Compilation successful
500
