Prelude is up to date
Compiling correct/PMC7.hs
Compilation successful
0
