Prelude is up to date
Compiling correct/Tuple.hs
Compilation successful
2
