Prelude is up to date
Compiling correct/TypeSyn2.hs
Compilation successful
Compiling correct/TypeSyn1.hs
Compilation successful
No 'main' function defined in this module
