Prelude is up to date
Compiling correct/UnfoldSynonym.hs
(3,1): Warning: Missing type signature: apply :: (a -> b -> c) -> a -> b -> c
Compilation successful with 1 warning
No 'main' function defined in this module
