Prelude is up to date
Compiling correct/MoreFloatOperations.hs
Compilation successful
([104.621,6.72309,40.4473,4.61016,(-.0.00840725),0.972833,(-.0.024783),4.0],[4,4,3,3,4,3,3,3,(-5),(-5),(-6),(-6),(-6),(-5),(-5),(-5),0,2,2,4])
