Compiling correct/PatNegateInt.hs
Compilation successful
42
