Compiling typeerrors/Examples/ExprIfElse.hs

(3,5): Type error in else branch of conditional
*** Expression     : if True then 52 else "olifant met een lange slurf"
*** Term           : "olifant met een lange slurf"
*** Type           : String
*** Does not match : Int   

Compilation failed with 1 type error
