Compiling typeerrors/Examples/ExprLiteral.hs

(4,3): Type error in right hand side
*** Expression     : 1
*** Type           : Int 
*** Does not match : Bool

Compilation failed with 1 type error
