Compiling typeerrors/Examples/Guardedexpression.hs
(4,5): Type error in guarded expression
 expression       : "aap"
   type           : String
   does not match : Int   

Compilation failed with 1 error
