Compiling parser/BackQuoteMessage.hs
(1,13): Syntax error: 
    unexpected variable 'y'
    expecting '`'
Compilation failed with 1 error
