Compiling parser/LayoutOk2.hs
(3,9): Warning: Definition "y" is not used
(3,1): Warning: Missing type signature: x :: Int
Compilation successful with 2 warnings
No 'main' function defined in this module
