Compiling parser/StrategiesKeyword.hs
(1,1): Warning: Missing type signature: phase :: Int
Compilation successful with 1 warning
No 'main' function defined in this module
