Prelude is up to date
Compiling typeClassesParse/LegeWhere.hs
