Compiling typeerrors/Examples/AltVarBind.hs
(5,13): Type error in right-hand side of case alternative
 expression       : x
   type           : Bool
   does not match : Int 

Compilation failed with 1 error
