Compiling typeerrors/Examples/ExprNegateExpr.hs
(3,5): Type error in negation
 expression       : -"schaap"
 operator         : -
   type           : Int    -> Int
   does not match : String -> a  

Compilation failed with 1 error
